// Jest Snapshot v1, https://goo.gl/fbAQLP

exports[`<Thanks name="name" /> component renders correctly 1`] = `
<div>
  <div
    className="heading"
  >
    <h1
      className="text-grey-700 font-serif text-3xl text-center heading-text"
      data-testid="text-block"
    >
      Thanks, undefined!!
    </h1>
    <span
      className="heading-subtext"
    />
  </div>
</div>
`;
