// Jest Snapshot v1, https://goo.gl/fbAQLP

exports[`<SearchTracks/> component renders correctly 1`] = `
<div
  className="m-auto col"
>
  <button
    aria-label={null}
    className="btn btn-secondary"
    data-testid="submit-button"
    onClick={[Function]}
    type="button"
  >
    Lets rock!
  </button>
  <form
    className="m-auto max-w-md my-10"
  >
    <input
      className="p-3 block w-full rounded-md bg-gray-100 border-transparent focus:border-gray-500 focus:bg-white focus:ring-0 form-control"
      data-testid="search-input"
      id="search-track"
      onChange={[Function]}
      placeholder="Song title"
      type="text"
    />
  </form>
</div>
`;
